
C:\Users\MGasc\WebPursuer>if "Windows_NT" == "Windows_NT" setlocal

C:\Users\MGasc\WebPursuer>set DIRNAME=C:\Users\MGasc\WebPursuer\ 

C:\Users\MGasc\WebPursuer>if "C:\Users\MGasc\WebPursuer\" == "" set DIRNAME=. 

C:\Users\MGasc\WebPursuer>set APP_BASE_NAME=gradlew 

C:\Users\MGasc\WebPursuer>set APP_HOME=C:\Users\MGasc\WebPursuer\ 

C:\Users\MGasc\WebPursuer>for %i in ("C:\Users\MGasc\WebPursuer\") do set APP_HOME=%~fi 

C:\Users\MGasc\WebPursuer>set APP_HOME=C:\Users\MGasc\WebPursuer\ 

C:\Users\MGasc\WebPursuer>set DEFAULT_JVM_OPTS="-Xmx64m" "-Xms64m" 

C:\Users\MGasc\WebPursuer>if defined JAVA_HOME goto findJavaFromJavaHome 

C:\Users\MGasc\WebPursuer>set JAVA_EXE=java.exe 

C:\Users\MGasc\WebPursuer>java.exe -version  1>NUL 2>&1 

C:\Users\MGasc\WebPursuer>if 0 EQU 0 goto execute 

C:\Users\MGasc\WebPursuer>set CLASSPATH=C:\Users\MGasc\WebPursuer\\gradle\wrapper\gradle-wrapper.jar 

C:\Users\MGasc\WebPursuer>"java.exe" "-Xmx64m" "-Xms64m"   "-Dorg.gradle.appname=gradlew" -classpath "C:\Users\MGasc\WebPursuer\\gradle\wrapper\gradle-wrapper.jar" org.gradle.wrapper.GradleWrapperMain testDebugUnitTest --tests com.example.webpursuer.util.UrlUtilsTest 
.\gradlew : WARNING: A restricted method in 
java.lang.System has been called
In Zeile:1 Zeichen:1
+ .\gradlew testDebugUnitTest --tests 
com.example.webpursuer.util.UrlUt ...
+ ~~~~~~~~~~~~~~~~~~~~~~~~~~~~~~~~~~~~~~~~~~~~~~~~~~~~
~~~~~~~~~~~~~~~~~
    + CategoryInfo          : NotSpecified: (WARNING: 
    A rest...has been called:String) [], RemoteExcep  
  tion
    + FullyQualifiedErrorId : NativeCommandError
 
WARNING: java.lang.System::load has been called by net
.rubygrapefruit.platform.internal.NativeLibraryLoader 
in an unnamed module (file:/C:/Users/MGasc/.gradle/wra
pper/dists/gradle-8.11.1-bin/bpt9gzteqjrbo1mjrsomdt32c
/gradle-8.11.1/lib/native-platform-0.22-milestone-26.j
ar)
WARNING: Use --enable-native-access=ALL-UNNAMED to 
avoid a warning for callers in this module
WARNING: Restricted methods will be blocked in a 
future release unless native access is enabled


FAILURE: Build failed with an exception.

* What went wrong:
A problem occurred configuring project ':app'.
> Could not create task ':app:testDebugUnitTest'.
   > Could not create task of type 'AndroidUnitTest'.
      > Could not create an instance of type org.gradl
e.api.internal.tasks.testing.DefaultTestTaskReports.
         > Could not create an instance of type org.gr
adle.api.reporting.internal.DefaultReportContainer.
            > Type T not present

* Try:
> Run with --stacktrace option to get the stack trace.
> Run with --info or --debug option to get more log 
output.
> Run with --scan to get full insights.
> Get more help at https://help.gradle.org.

BUILD FAILED in 909ms

C:\Users\MGasc\WebPursuer>if 1 EQU 0 goto mainEnd 

C:\Users\MGasc\WebPursuer>rem Set variable GRADLE_EXIT_CONSOLE if you need the _script_ return code instead of 

C:\Users\MGasc\WebPursuer>rem the _cmd.exe /c_ return code! 

C:\Users\MGasc\WebPursuer>set EXIT_CODE=1 

C:\Users\MGasc\WebPursuer>if 1 EQU 0 set EXIT_CODE=1 

C:\Users\MGasc\WebPursuer>if not "" == "" exit 1 

C:\Users\MGasc\WebPursuer>exit /b 1 
